---
title: "[51ì¼ì°¨] undo, bigfile, ìœ ì € ê´€ë¦¬"
excerpt: "ì•„ì´í‹°ìœŒ 0704 "
categories:
      - ORACLE11g
tags:
      - ORACLE11g
      - TIL
last-modified-at: 2025-07-04T23:00
---


undo segment ëŠ” íŠ¸ëœì­ì…˜ ë³„ë¡œ í• ë‹¹ëœë‹¤. 

ê¸°ë³¸ì ìœ¼ë¡œ 10ê°œì”© í• ë‹¹ë˜ëŠ”ë°, ëª¨ë‘ ì‚¬ìš©í•˜ë©´ì„œ 11ë²ˆì§¸ë¡œ ìƒˆë¡œìš´ DML ì‹œì‘í•œë‹¤ë©´ ë˜ 10ê°œë¥¼ í• ë‹¹ë°›ëŠ”ë‹¤. ì—¬ìœ  ê³µê°„ì„ ë§Œë“¤ì–´ë‘ëŠ” ê²ƒì´ ì¢‹ë‹¤. 

undoëŠ” shrink ì•ˆëœë‹¤. ê·¸ëŸ¬ë¯€ë¡œ ìƒˆë¡œìš´ undo tablespaceë¥¼ ë§Œë“¤ì–´ì„œ ì´ê´€ì‘ì—…

â–¶ï¸ **ëª¨ë“  ë°ì´í„° íŒŒì¼ ì´ê´€ ì‘ì—…**

ğŸ“ **ì¤€ë¹„**

```sql
-- ì‹œìŠ¤í…œ í…Œì´ë¸”ìŠ¤í˜ì´ìŠ¤ ë‚´ ë¶ˆí•„ìš” í…Œì´ë¸”ìŠ¤í˜ì´ìŠ¤ ì‚­ì œ 

SQL> select name from v$datafile;

NAME
--------------------------------------------------------------------------------
/u01/app/oracle/oradata/ORA19C/system01.dbf
/u01/app/oracle/oradata/ORA19C/sysaux01.dbf
/u01/app/oracle/oradata/ORA19C/undotbs01.dbf
/u01/app/oracle/oradata/ORA19C/insa_tab01.dbf
/u01/app/oracle/oradata/ORA19C/users01.dbf

SQL> select name from v$tempfile;

NAME
--------------------------------------------------------------------------------
/u01/app/oracle/oradata/ORA19C/temp01.dbf

SQL> select tablespace_name from dba_tablespaces;

TABLESPACE_NAME
------------------------------
SYSTEM
SYSAUX
UNDOTBS1
TEMP
USERS
INSA_TAB

6 rows selected.

SQL> show parameter undo

NAME                                 TYPE        VALUE
------------------------------------ ----------- ------------------------------
temp_undo_enabled                    boolean     FALSE
undo_management                      string      AUTO
undo_retention                       integer     1800
undo_tablespace                      string      UNDOTBS1

SQL> DROP TABLESPACE insa_tab INCLUDING CONTENTS AND DATAFILES;

Tablespace dropped.

SQL> SELECT tablespace_name FROM dba_tablespaces;

TABLESPACE_NAME
------------------------------
SYSTEM
SYSAUX
UNDOTBS1
TEMP
USERS

SQL> select name from v$datafile;

NAME
--------------------------------------------------------------------------------
/u01/app/oracle/oradata/ORA19C/system01.dbf
SP2-0734: /u01/app/oracle/oradata/ORA19C/sysaux01.dbf
/u01/app/oracle/oradata/ORA19C/undotbs01.dbf
/u01/app/oracle/oradata/ORA19C/insa_tab01.dbf
/u01/app/oracle/oradata/ORA19C/users01.dbf

SQL> select name from v$tempfile;

NAME
--------------------------------------------------------------------------------
/u01/app/oracle/oradata/ORA19C/temp01.dbf

SQL> select tablespace_name from dba_tablespaces;

TABLESPACE_NAME
------------------------------
SYSTEM
SYSAUX
UNDOTBS1
TEMP
USERS
INSA_TAB

6 rows selected.

SQL> show parameter undo

NAME                                 TYPE        VALUE
------------------------------------ ----------- ------------------------------
temp_undo_enabled                    boolean     FALSE
undo_management                      string      AUTO
undo_retention                       integer     1800
undo_tablespace                      string      UNDOTBS1

SQL> DROP TABLESPACE insa_tab INCLUDING CONTENTS AND DATAFILES;

Tablespace dropped.

SQL> SELECT tablespace_name FROM dba_tablespaces;

TABLESPACE_NAME
------------------------------
SYSTEM
SYSAUX
UNDOTBS1
TEMP
USERS

-- ë¬¼ë¦¬ì ìœ¼ë¡œ ë‹¤ë¥¸ ìœ„ì¹˜ì—ë‹¤ê°€ ì´ë™
-- ë””ë ‰í† ë¦¬ ë§Œë“¤ì–´ ì‘ì—….

SQL> !
[oracle@oracle ~]$ pwd
/home/oracle
[oracle@oracle ~]$ mkdir userdata
[oracle@oracle ~]$ cd userdata/

-- ë¯¸ë¦¬ ë§Œë“œëŠ” ì‘ì—….
select 'mv -v '|| name || '/home/oracle/userdata/' from v$datafile 
union all
select 'mv -v '|| name || '/home/oracle/userdata/' from v$tempfile; 

'MV-V'||NAME||'/HOME/ORACLE/USERDATA/'
--------------------------------------------------------------------------------
mv -v /u01/app/oracle/oradata/ORA19C/system01.dbf/home/oracle/userdata/
mv -v /u01/app/oracle/oradata/ORA19C/sysaux01.dbf/home/oracle/userdata/
mv -v /u01/app/oracle/oradata/ORA19C/undotbs01.dbf/home/oracle/userdata/
mv -v /u01/app/oracle/oradata/ORA19C/users01.dbf/home/oracle/userdata/
mv -v /u01/app/oracle/oradata/ORA19C/temp01.dbf/home/oracle/userdata/

```

â–¶ï¸ ëŒ€ëµì ì¸ íë¦„

1ï¸âƒ£ ì˜¤ë¼í´ ë°ì´í„°ë² ì´ìŠ¤ë¥¼ ì •ìƒì ì¸ ì¢…ë£Œ

```sql
shutdown immediate
!
```

2ï¸âƒ£ ëª¨ë“  ë°ì´í„° íŒŒì¼ì„ ìƒˆë¡œìš´ ë””ìŠ¤í¬ ìœ„ì¹˜ë¡œ ì´ë™

```sql
mv -v /u01/app/oracle/oradata/ORA19C/system01.dbf /home/oracle/userdata/
mv -v /u01/app/oracle/oradata/ORA19C/sysaux01.dbf /home/oracle/userdata/
mv -v /u01/app/oracle/oradata/ORA19C/undotbs01.dbf /home/oracle/userdata/
mv -v /u01/app/oracle/oradata/ORA19C/users01.dbf /home/oracle/userdata/
mv -v /u01/app/oracle/oradata/ORA19C/temp01.dbf /home/oracle/userdata/
```

3ï¸âƒ£ ì˜¤ë¼í´ ë°ì´í„°ë² ì´ìŠ¤ë¥¼ mountê¹Œì§€ë§Œì—´ê¸°

```sql
startup mount
select status from v$instance;
```

4ï¸âƒ£ ê¸°ì¡´ ë°ì´í„° íŒŒì¼ì„ ìƒˆë¡œìš´ ë°ì´í„° íŒŒì¼ë¡œ ìˆ˜ì •

```sql
alter database rename file 'ì´ì „íŒŒì¼' to 'ìƒˆë¡œìš´íŒŒì¼';
alter database rename file '/u01/app/oracle/oradata/ORA19C/system01.dbf' to '/home/oracle/userdata/system01.dbf';
alter database rename file '/u01/app/oracle/oradata/ORA19C/sysaux01.dbf' to '/home/oracle/userdata/sysaux01.dbf';
alter database rename file '/u01/app/oracle/oradata/ORA19C/undotbs01.dbf' to '/home/oracle/userdata/undotbs01.dbf';
alter database rename file '/u01/app/oracle/oradata/ORA19C/users01.dbf' to '/home/oracle/userdata/users01.dbf';
alter database rename file '/u01/app/oracle/oradata/ORA19C/temp01.dbf' to '/home/oracle/userdata/temp01.dbf';

select name from v$datafile;
select name from v$tempfile;
```

![image.png](/assets/20250704/1.png)

5ï¸âƒ£ ì˜¤ë¼í´ ë°ì´í„°ë² ì´ìŠ¤ open

```sql
alter database open;   -- ì»¨íŠ¸ë¡¤ íŒŒì¼ ìˆ˜ì • 

select status from v$instance;

select name from v$datafile;
select name from v$tempfile;
```

![image.png](/assets/20250704/1.png)

![image.png](/assets/20250704/2.png)

```sql
-- ë”•ì…”ë„ˆë¦¬ ì²´í¬
select file_name from dba_data_files;

select count(*) from hr.employees;
```

![image.png](/assets/20250704/1.png)

â–¶ï¸ ì´ë ‡ê²Œ í•˜ê³  ë‹¤ì‹œ ì›ë˜ ìœ„ì¹˜ë¡œ ë˜ëŒë¦¬ëŠ” ì‘ì—…í•¨

```sql
shutdown immediate
!

mv -v /home/oracle/userdata/system01.dbf /u01/app/oracle/oradata/ORA19C/
mv -v /home/oracle/userdata/sysaux01.dbf /u01/app/oracle/oradata/ORA19C/
mv -v /home/oracle/userdata/undotbs01.dbf /u01/app/oracle/oradata/ORA19C/
mv -v /home/oracle/userdata/users01.dbf /u01/app/oracle/oradata/ORA19C/
mv -v /home/oracle/userdata/temp01.dbf /u01/app/oracle/oradata/ORA19C/

startup mount
select status from v$instance;

alter database rename file '/home/oracle/userdata/system01.dbf' to '/u01/app/oracle/oradata/ORA19C/system01.dbf';
alter database rename file '/home/oracle/userdata/sysaux01.dbf' to '/u01/app/oracle/oradata/ORA19C/sysaux01.dbf';
alter database rename file '/home/oracle/userdata/undotbs01.dbf' to '/u01/app/oracle/oradata/ORA19C/undotbs01.dbf';
alter database rename file '/home/oracle/userdata/users01.dbf' to '/u01/app/oracle/oradata/ORA19C/users01.dbf';
alter database rename file '/home/oracle/userdata/temp01.dbf' to '/u01/app/oracle/oradata/ORA19C/temp01.dbf';

select name from v$datafile;
select name from v$tempfile;

alter database open;   -- ì»¨íŠ¸ë¡¤ íŒŒì¼ ìˆ˜ì • 

select status from v$instance;

select name from v$datafile;
select name from v$tempfile;
```

â–¶ï¸ control file ì´ì¤‘í™” â†’ ë‹¨ì¼í™”

```sql
show parameter control_files
select name from v$controlfile;
```

1ï¸âƒ£ ì´ˆê¸° íŒŒë¼ë¯¸í„° íŒŒì¼ ì²´í¬, ìˆ˜ì •

```sql
show parameter spfile
```

ğŸ“ control file ì€ static parameter ì´ë‹¤.

```sql
alter system set control_files = '/u01/app/oracle/oradata/ORA19C/control01.ctl' scope=spfile;
```

2ï¸âƒ£ ë°ì´í„°ë² ì´ìŠ¤ ì •ìƒì ì¸ ì¢…ë£Œ

```sql
shutdown immediate
```

3ï¸âƒ£ ë°ì´í„°ë² ì´ìŠ¤ open

```sql
startup
!
```

4ï¸âƒ£ ì˜ë¯¸ì—†ëŠ” ì»¨íŠ¸ë¡¤ íŒŒì¼ ì‚­ì œ

```sql
rm /u01/app/oracle/fast_recovery_area/ORA19C/control02.ctl

show parameter control_files
```

![image.png](/assets/20250704/3.png)

ğŸ“ parameter 

â–¶ï¸ ì˜¤ë¼í´ ë¸”ë¡

- 2K, 4K, 8K, 16K, 32K
- ê¸°ë³¸ ë¸”ë¡ í¬ê¸°ëŠ” 8K
- ê¸°ë³¸ ë¸”ë¡ í¬ê¸°ëŠ” ë°ì´í„°ë² ì´ìŠ¤ ìƒì„±ì‹œ ê²°ì •í•œë‹¤.

```sql
show parameter db_block_size

NAME          TYPE    VALUE 
------------- ------- ----- 
db_block_size integer 8192  
NAME          TYPE    VALUE 
------------- ------- ----- 
db_block_size integer 8192  

select * from dba_tablespaces;
```

![image.png](/assets/20250704/4.png)

â–¶ï¸ 4K ë¸”ë¡ì„ ìƒì„±í•˜ë ¤ë©´

1ï¸âƒ£ ë©”ëª¨ë¦¬ í™•ë³´

ğŸ“ non standard block

```sql
db_2k_cache_size
db_4k_cache_size
db_8k_cache_size
db_16k_cache_size
db_32k_cache_size

show parameter db_4K_cache_size

NAME                                 TYPE        VALUE
------------------------------------ ----------- ------------------------------
db_4k_cache_size                     big integer 0

select * from v$sgastat;
```

![image.png](/assets/20250704/5.png)

ğŸ“ ë©”ëª¨ë¦¬ ì²´í¬

```sql
-- sga ë©”ëª¨ë¦¬ free í™•ì¸
SELECT sum(bytes)/1024/1024 FROM v$sgastat WHERE name = 'free memory';  
```

ğŸ“ë©”ëª¨ë¦¬ í™•ë³´

```sql
ALTER SYSTEM SET db_4k_cache_size = 12m;
show parameter db_4K_cache_size
```

ğŸ“ Granule Size : ë©”ëª¨ë¦¬ì— ëŒ€í•œ ë‹¨í¸í™”ë¥¼ ë§‰ê¸° ìœ„í•¨ (ë¶ˆí•„ìš”í•˜ê²Œ ë‚¨ëŠ” ë©”ëª¨ë¦¬ ë°©ì§€)

```sql
CREATE TABLESPACE oltp_tbs
DATAFILE '/u01/app/oracle/oradata/ORA19C/oltp_tbs01.dbf' SIZE 5M AUTOEXTEND ON
BLOCKSIZE 4K
EXTENT MANAGEMENT LOCAL UNIFORM SIZE 1M
SEGMENT SPACE MANAGEMENT AUTO;
```

```sql
CREATE TABLE hr.oltp_emp
TABLESPACE oltp_tbs
AS SELECT * FROM hr.employees;
```

```sql
SELECT * FROM dba_segments WHERE segment_name = 'OLTP_EMP';
SELECT * FROM dba_extents WHERE segment_name = 'OLTP_EMP';

DROP TABLESPACE oltp_tbs INCLUDING CONTENTS AND DATAFILES;
```

ğŸ“ BIGFILE í…Œì´ë¸”ìŠ¤í˜ì´ìŠ¤

- ë‹¨ì¼ íŒŒì¼ë§Œ í¬í•¨í•œë‹¤. (ê¸°ì¡´ í…Œì´ë¸”ìŠ¤í˜ì´ìŠ¤ëŠ” small file)

```sql
select * from dba_tablespaces;
```

![image.png](/assets/20250704/6.png)

- ìµœëŒ€ 40ì–µê°œì˜ ë¸”ë¡ì„ í¬í•¨í•  ìˆ˜ ìˆë‹¤.
- ìµœëŒ€ íŒŒì¼ì˜ í¬ê¸°ëŠ” 32TB(8k block), 128TB(32k block)

```sql
CREATE BIGFILE TABLESPACE big_tbs
DATAFILE '/u01/app/oracle/oradata/ORA19C/big_tbs.dbf' SIZE 1G AUTOEXTEND ON NEXT 2M MAXSIZE 2G
EXTENT MANAGEMENT LOCAL UNIFORM SIZE 1M
SEGMENT SPACE MANAGEMENT AUTO;
```

ì˜¤ë¼í´ì˜ ì—‘ì‚¬ DB

```sql
select * from dba_tablespaces;
select * from dba_data_files;

DROP TABLESPACE big_tbs INCLUDING CONTENTS AND DATAFILES;
```

ğŸ“ user ê´€ë¦¬

```sql
CREATE USER ora1 identified by oracle;
```

ğŸ“ ë°ì´í„°ë² ì´ìŠ¤ ë ˆë²¨ì— ê¸°ë³¸ê°’ìœ¼ë¡œ ì„¤ì •ëœ ì •ë³´ í™•ì¸

```sql
SELECT * FROM database_properties;
```

![image.png](/assets/20250704/7.png)

ğŸ“temp í…Œì´ë¸”ìŠ¤í˜ì´ìŠ¤ ìƒì„±

```sql
CREATE TABLESPACE user_tbs
DATAFILE '/u01/app/oracle/oradata/ORA19C/user_tbs01.dbf' SIZE 5M AUTOEXTEND ON
EXTENT MANAGEMENT LOCAL UNIFORM SIZE 1M
SEGMENT SPACE MANAGEMENT AUTO;

CREATE TEMPORARY TABLESPACE user_temp   -- ì˜¤ë¥˜ ë‚œë‹¤.
DATAFILE '/u01/app/oracle/oradata/ORA19C/user_temp01.dbf' SIZE 5M AUTOEXTEND ON
EXTENT MANAGEMENT LOCAL UNIFORM SIZE 1M
SEGMENT SPACE MANAGEMENT AUTO;

CREATE TEMPORARY TABLESPACE user_temp   -- ì˜¤ë¥˜ ë‚œë‹¤.
TEMPFILE '/u01/app/oracle/oradata/ORA19C/user_temp01.dbf' SIZE 5M AUTOEXTEND ON
EXTENT MANAGEMENT LOCAL UNIFORM SIZE 1M
SEGMENT SPACE MANAGEMENT AUTO;   -> TEMP íŒŒì¼ì˜ ì„¸ê·¸ë¨¼íŠ¸ ê³µê°„ ê´€ë¦¬ëŠ” MANUALë¡œ  

CREATE TEMPORARY TABLESPACE user_temp -- ì •ìƒ ì‘ë™   
TEMPFILE '/u01/app/oracle/oradata/ORA19C/user_temp01.dbf' SIZE 5M AUTOEXTEND ON
EXTENT MANAGEMENT LOCAL UNIFORM SIZE 1M
SEGMENT SPACE MANAGEMENT MANUAL;

-- í™•ì¸
select * from dba_tablespaces;
select * from dba_data_files;
select * from dba_temp_files;
```

ğŸ“ default tablespace ìˆ˜ì •

```sql
ALTER DATABASE default tablespace user_tbs;
```

ğŸ“ default temporary tablespace ìˆ˜ì •

```sql
ALTER DATABASE default temporary tablespace user_temp;
```

ğŸ“ ìœ ì € ìƒì„±

```sql
CREATE user ora2
identified by oracle
default tablespace users
temporary tablespace temp;

CREATE user ora3
identified by oracle;

-- ë¹„êµí•´ë³´ê¸°
select * from dba_users where username in ('ORA1' , 'ORA2', 'ORA3');
```

![image.png](/assets/20250704/8.png)

ğŸ“ default tablespaceë¡œ ì§€ì •ëœ í…Œì´ë¸” ìŠ¤í˜ì´ìŠ¤ëŠ” ì‚­ì œí•  ìˆ˜ ì—†ë‹¤.

```sql
DROP tablespace user_tbs including contents and datafiles; -- ì˜¤ë¥˜ë‚¨
DROP tablespace user_temp including contents and datafiles; -- ì˜¤ë¥˜ë‚¨
```

ğŸ“ default tablespace ìˆ˜ì •

```sql
ALTER database default tablespace users;
```

ğŸ“ default temporary tablespace ìˆ˜ì •

```sql
ALTER database default temporary tablespace users;
```

ğŸ“ ë‹¤ì‹œ ì‚­ì œ ì‹œë„

```sql
DROP tablespace user_tbs including contents and datafiles;
DROP tablespace user_temp including contents and datafiles;
```

â–¶ï¸ default tablespace ì§€ì •í•˜ëŠ” ì´ìœ  : ì§€ì •í•˜ì§€ ì•Šìœ¼ë©´ system tablespaceê°€ ê·¸ ìë¦¬ë¥¼ ì°¨ì§€í•˜ëŠ”ë°

user$ ì •ë³´ë„ ë“¤ì–´ê°. ë”•ì…”ë„ˆë¦¬ ì •ë³´ë§Œ ë“¤ì–´ê°€ì•¼ë˜ëŠ”ë°. 

```sql
-- í™•ì¸
select * from dba_users where username in ('ORA1' , 'ORA2', 'ORA3');
```

![image.png](/assets/20250704/9.png)

â–¶ï¸ ìƒˆë¡œ ìƒì„±í•œ ìœ ì €ì—ê²Œ ê¶Œí•œ ë¶€ì—¬

```sql
GRANT CREATE SESSION, CREATE TABLE TO ora1, ora2, ora3;
```

```sql
alter user ora1 quota 1m on users;
alter user ora2 quota 1m on users;
alter user ora3 quota 1m on users;

SELECT * FROM dba_ts_quotas WHERE username IN ('ORA1', 'ORA2' , 'ORA3');
```

ğŸ“ putty 

```sql

[oracle@oracle ~]$ sqlplus ora1/oracle

SQL*Plus: Release 19.0.0.0.0 - Production on Thu Jul 3 11:56:52 2025
Version 19.3.0.0.0

Copyright (c) 1982, 2019, Oracle.  All rights reserved.

Connected to:
Oracle Database 19c Enterprise Edition Release 19.0.0.0.0 - Production
Version 19.3.0.0.0

SQL> select * from session_privs;

PRIVILEGE
----------------------------------------
CREATE TABLE
CREATE SESSION

SQL> select * from user_ts_quotas;

TABLESPACE_NAME                     BYTES  MAX_BYTES     BLOCKS MAX_BLOCKS DRO
------------------------------ ---------- ---------- ---------- ---------- ---
USERS                                   0    1048576          0        128 NO

SQL> select default_tablespace from use_users;
select default_tablespace from use_users
                               *
ERROR at line 1:
ORA-00942: table or view does not exist

SQL> select default_tablespace from user_users;

DEFAULT_TABLESPACE
------------------------------
USERS

SQL> create table test(id number, name varchar2(30));

Table created.

SQL> create table new(id number) tablespace users;

```